[manon.qodeinteractive.com/project-slider/index.html]
[backblue.gif]
[fade.gif]
[index.html]
[manon.qodeinteractive.com/wp-includes/css/dist/block-library/style.minbfbf.css]
[manon.qodeinteractive.com/wp-content/plugins/woocommerce/packages/woocommerce-blocks/build/wc-blocks-vendors-style2ff6.css]
[manon.qodeinteractive.com/wp-content/plugins/woocommerce/packages/woocommerce-blocks/build/wc-blocks-style2ff6.css]
[manon.qodeinteractive.com/wp-content/plugins/anti-spam/assets/css/admin-barba31.css]
[manon.qodeinteractive.com/wp-content/plugins/contact-form-7/includes/css/styles77e1.css]
[export.qodethemes.com/_toolbar/assets/css/rbt-modulesbfbf.css]
[manon.qodeinteractive.com/wp-content/plugins/wp-user-avatar/assets/css/frontend.minb2f9.css]
[manon.qodeinteractive.com/wp-content/plugins/wp-user-avatar/assets/flatpickr/flatpickr.minb2f9.css]
[manon.qodeinteractive.com/wp-content/plugins/wp-user-avatar/assets/select2/select2.minbfbf.css]
[manon.qodeinteractive.com/wp-content/plugins/qi-addons-for-elementor/assets/plugins/swiper/swiper.minbfbf.css]
[manon.qodeinteractive.com/wp-content/plugins/qi-addons-for-elementor/assets/css/grid.minbfbf.css]
[manon.qodeinteractive.com/wp-content/plugins/qi-addons-for-elementor/assets/css/helper-parts.minbfbf.css]
[manon.qodeinteractive.com/wp-content/plugins/qi-addons-for-elementor/assets/css/main.minbfbf.css]
[manon.qodeinteractive.com/wp-content/themes/manon/assets/css/modules.minbfbf.css]
[manon.qodeinteractive.com/wp-content/themes/manon/framework/lib/icons-pack/dripicons/dripiconsbfbf.css]
[manon.qodeinteractive.com/wp-content/themes/manon/framework/lib/icons-pack/elegant-icons/style.minbfbf.css]
[manon.qodeinteractive.com/wp-content/themes/manon/framework/lib/icons-pack/font-awesome/css/fontawesome-all.minbfbf.css]
[manon.qodeinteractive.com/wp-content/themes/manon/framework/lib/icons-pack/ion-icons/css/ionicons.minbfbf.css]
[manon.qodeinteractive.com/wp-content/themes/manon/framework/lib/icons-pack/linea-icons/stylebfbf.css]
[manon.qodeinteractive.com/wp-content/themes/manon/framework/lib/icons-pack/linear-icons/stylebfbf.css]
[manon.qodeinteractive.com/wp-content/themes/manon/framework/lib/icons-pack/simple-line-icons/simple-line-iconsbfbf.css]
[manon.qodeinteractive.com/wp-includes/js/mediaelement/mediaelementplayer-legacy.min08e1.css]
[manon.qodeinteractive.com/wp-includes/js/mediaelement/wp-mediaelement.minbfbf.css]
[manon.qodeinteractive.com/wp-content/themes/manon/assets/css/woocommerce.minbfbf.css]
[manon.qodeinteractive.com/wp-content/themes/manon/assets/css/woocommerce-responsive.minbfbf.css]
[manon.qodeinteractive.com/wp-content/themes/manon/assets/css/style_dynamice1c2.css]
[manon.qodeinteractive.com/wp-content/themes/manon/assets/css/modules-responsive.minbfbf.css]
[manon.qodeinteractive.com/wp-content/themes/manon/assets/css/style_dynamic_responsivee1c2.css]
[manon.qodeinteractive.com/wp-content/plugins/manon-core/core-dashboard/assets/css/core-dashboard.minbfbf.css]
[manon.qodeinteractive.com/wp-content/plugins/js_composer/assets/css/js_composer.minf7be.css]
[manon.qodeinteractive.com/wp-content/plugins/qode-zendesk-chat/assets/mainbfbf.css]
[manon.qodeinteractive.com/wp-includes/js/jquery/jquery.minaf6c.js]
[manon.qodeinteractive.com/wp-includes/js/jquery/jquery-migrate.mind617.js]
[manon.qodeinteractive.com/wp-content/plugins/revslider/public/assets/js/rbtools.min0660.js]
[manon.qodeinteractive.com/wp-content/plugins/revslider/public/assets/js/rs6.min0660.js]
[manon.qodeinteractive.com/wp-content/plugins/woocommerce/assets/js/jquery-blockui/jquery.blockUI.mindc32.js]
[manon.qodeinteractive.com/wp-content/plugins/woocommerce/assets/js/frontend/add-to-cart.min823d.js]
[manon.qodeinteractive.com/wp-content/plugins/wp-user-avatar/assets/flatpickr/flatpickr.minb2f9.js]
[manon.qodeinteractive.com/wp-content/plugins/wp-user-avatar/assets/select2/select2.minb2f9.js]
[manon.qodeinteractive.com/wp-content/plugins/js_composer/assets/js/vendors/woocommerce-add-to-cartf7be.js]
[manon.qodeinteractive.com/wp-content/uploads/2019/02/cropped-favicon-32x32.png]
[manon.qodeinteractive.com/wp-content/uploads/2019/02/cropped-favicon-192x192.png]
[manon.qodeinteractive.com/wp-content/uploads/2019/02/cropped-favicon-180x180.png]
[manon.qodeinteractive.com/wp-content/uploads/2019/02/logo.png]
[manon.qodeinteractive.com/wp-content/themes/manon/assets/img/logo_white.png]
[manon.qodeinteractive.com/wp-content/uploads/2019/01/h2-port-img-1-test.jpg]
[manon.qodeinteractive.com/wp-content/uploads/2019/01/h2-port-img-2-2.jpg]
[manon.qodeinteractive.com/wp-content/uploads/2019/01/h2-port-img-3-3.jpg]
[manon.qodeinteractive.com/wp-content/plugins/revslider/public/assets/css/rs60660.css]
[manon.qodeinteractive.com/wp-content/plugins/contact-form-7/includes/swv/js/index77e1.js]
[manon.qodeinteractive.com/wp-content/plugins/contact-form-7/includes/js/index77e1.js]
[manon.qodeinteractive.com/wp-content/plugins/woocommerce/assets/js/js-cookie/js.cookie.minc599.js]
[manon.qodeinteractive.com/wp-content/plugins/woocommerce/assets/js/frontend/woocommerce.min823d.js]
[manon.qodeinteractive.com/wp-content/plugins/woocommerce/assets/js/frontend/cart-fragments.min823d.js]
[manon.qodeinteractive.com/wp-content/plugins/wp-user-avatar/assets/js/frontend.minb2f9.js]
[manon.qodeinteractive.com/wp-content/plugins/duracelltomi-google-tag-manager/js/gtm4wp-form-move-tracker34dd.js]
[manon.qodeinteractive.com/wp-includes/js/jquery/ui/core.min0028.js]
[manon.qodeinteractive.com/wp-content/plugins/qi-addons-for-elementor/assets/js/main.minbfbf.js]
[manon.qodeinteractive.com/wp-includes/js/jquery/ui/tabs.min0028.js]
[manon.qodeinteractive.com/wp-includes/js/jquery/ui/accordion.min0028.js]
[manon.qodeinteractive.com/wp-includes/js/mediaelement/mediaelement-and-player.min08e1.js]
[manon.qodeinteractive.com/wp-includes/js/mediaelement/mediaelement-migrate.minbfbf.js]
[manon.qodeinteractive.com/wp-includes/js/mediaelement/wp-mediaelement.minbfbf.js]
[manon.qodeinteractive.com/wp-content/themes/manon/assets/js/modules/plugins/jquery.appearbfbf.js]
[manon.qodeinteractive.com/wp-content/themes/manon/assets/js/modules/plugins/modernizr.minbfbf.js]
[manon.qodeinteractive.com/wp-includes/js/hoverIntent.min3e5a.js]
[manon.qodeinteractive.com/wp-content/themes/manon/assets/js/modules/plugins/jquery.pluginbfbf.js]
[manon.qodeinteractive.com/wp-content/themes/manon/assets/js/modules/plugins/owl.carousel.minbfbf.js]
[manon.qodeinteractive.com/wp-content/themes/manon/assets/js/modules/plugins/jquery.waypoints.minbfbf.js]
[manon.qodeinteractive.com/wp-content/themes/manon/assets/js/modules/plugins/fluidvids.minbfbf.js]
[manon.qodeinteractive.com/wp-content/themes/manon/assets/js/modules/plugins/perfect-scrollbar.jquery.minbfbf.js]
[manon.qodeinteractive.com/wp-content/themes/manon/assets/js/modules/plugins/ScrollToPlugin.minbfbf.js]
[manon.qodeinteractive.com/wp-content/themes/manon/assets/js/modules/plugins/parallax.minbfbf.js]
[manon.qodeinteractive.com/wp-content/themes/manon/assets/js/modules/plugins/jquery.waitforimagesbfbf.js]
[manon.qodeinteractive.com/wp-content/themes/manon/assets/js/modules/plugins/jquery.prettyPhotobfbf.js]
[manon.qodeinteractive.com/wp-content/themes/manon/assets/js/modules/plugins/jquery.easing.1.3bfbf.js]
[manon.qodeinteractive.com/wp-content/plugins/js_composer/assets/lib/bower/isotope/dist/isotope.pkgd.minf7be.js]
[manon.qodeinteractive.com/wp-content/plugins/qi-addons-for-elementor/inc/masonry/assets/js/plugins/packery-mode.pkgd.minbfbf.js]
[manon.qodeinteractive.com/wp-content/plugins/manon-core/shortcodes/countdown/assets/js/plugins/jquery.countdown.minbfbf.js]
[manon.qodeinteractive.com/wp-content/plugins/manon-core/shortcodes/counter/assets/js/plugins/counterbfbf.js]
[manon.qodeinteractive.com/wp-content/plugins/manon-core/shortcodes/counter/assets/js/plugins/absoluteCounter.minbfbf.js]
[manon.qodeinteractive.com/wp-content/plugins/qi-addons-for-elementor/inc/shortcodes/typeout-text/assets/js/plugins/typed68b3.js]
[manon.qodeinteractive.com/wp-content/plugins/manon-core/shortcodes/pie-chart/assets/js/plugins/easypiechartbfbf.js]
[manon.qodeinteractive.com/wp-content/plugins/manon-core/shortcodes/vertical-split-slider/assets/js/plugins/jquery.multiscroll.minbfbf.js]
[manon.qodeinteractive.com/wp-content/plugins/woocommerce/assets/js/select2/select2.full.min8d46.js]
[manon.qodeinteractive.com/wp-content/themes/manon/assets/js/modules/plugins/theme-cursorbfbf.js]
[manon.qodeinteractive.com/wp-content/themes/manon/assets/js/modules.minbfbf.js]
[static.zdassets.com/ekr/snippet20de.js]
[manon.qodeinteractive.com/project-slider/index.html]
[manon.qodeinteractive.com/wp-includes/css/dist/block-library/style.minbfbf.css]
[manon.qodeinteractive.com/wp-content/plugins/woocommerce/packages/woocommerce-blocks/build/wc-blocks-vendors-style2ff6.css]
[manon.qodeinteractive.com/wp-content/plugins/woocommerce/packages/woocommerce-blocks/build/wc-blocks-style2ff6.css]
[manon.qodeinteractive.com/wp-content/plugins/js_composer/assets/js/dist/js_composer_front.minf7be.js]
[manon.qodeinteractive.com/wp-content/plugins/anti-spam/assets/img/titan-icon.png]
[manon.qodeinteractive.com/wp-content/plugins/anti-spam/assets/css/admin-barba31.css]
[manon.qodeinteractive.com/wp-content/plugins/contact-form-7/includes/css/styles77e1.css]
[export.qodethemes.com/_toolbar/assets/css/rbt-modulesbfbf.css]
[manon.qodeinteractive.com/wp-content/plugins/wp-user-avatar/assets/css/material-icons/MaterialIcons-Regular.woff2]
[manon.qodeinteractive.com/wp-content/plugins/wp-user-avatar/assets/css/material-icons/MaterialIcons-Regular.woff]
[manon.qodeinteractive.com/wp-content/plugins/wp-user-avatar/assets/images/frontend/arrow-down.png]
[manon.qodeinteractive.com/wp-content/plugins/wp-user-avatar/assets/css/frontend.minb2f9.css]
[manon.qodeinteractive.com/wp-content/plugins/wp-user-avatar/assets/flatpickr/flatpickr.minb2f9.css]
[manon.qodeinteractive.com/wp-content/plugins/wp-user-avatar/assets/select2/select2.minbfbf.css]
[manon.qodeinteractive.com/wp-content/plugins/qi-addons-for-elementor/assets/plugins/swiper/swiper.minbfbf.css]
[manon.qodeinteractive.com/wp-content/plugins/qi-addons-for-elementor/assets/css/grid.minbfbf.css]
[manon.qodeinteractive.com/wp-content/plugins/qi-addons-for-elementor/assets/css/helper-parts.minbfbf.css]
[manon.qodeinteractive.com/wp-content/plugins/qi-addons-for-elementor/assets/css/main.minbfbf.css]
[manon.qodeinteractive.com/wp-content/themes/manon/stylebfbf.css]
[manon.qodeinteractive.com/wp-content/themes/manon/assets/img/preload_pattern.png]
[manon.qodeinteractive.com/wp-content/themes/manon/assets/img/cursor-active.png]
[manon.qodeinteractive.com/wp-content/themes/manon/assets/img/quote-post.png]
[manon.qodeinteractive.com/wp-content/themes/manon/assets/img/close.png]
[manon.qodeinteractive.com/wp-content/themes/manon/assets/img/quote.png]
[manon.qodeinteractive.com/wp-content/themes/manon/assets/img/cursor-eye.png]
[manon.qodeinteractive.com/wp-content/themes/manon/assets/css/modules.minbfbf.css]
[manon.qodeinteractive.com/wp-content/themes/manon/framework/lib/icons-pack/dripicons/fonts/dripicons-v2.eot]
[manon.qodeinteractive.com/wp-content/themes/manon/framework/lib/icons-pack/dripicons/fonts/dripicons-v2d41d.eot]
[manon.qodeinteractive.com/wp-content/themes/manon/framework/lib/icons-pack/dripicons/fonts/dripicons-v2.woff]
[manon.qodeinteractive.com/wp-content/themes/manon/framework/lib/icons-pack/dripicons/fonts/dripicons-v2.ttf]
[manon.qodeinteractive.com/wp-content/themes/manon/framework/lib/icons-pack/dripicons/dripiconsbfbf.css]
[manon.qodeinteractive.com/wp-content/themes/manon/framework/lib/icons-pack/dripicons/fonts/dripicons-v2.svg]
[manon.qodeinteractive.com/wp-content/themes/manon/framework/lib/icons-pack/elegant-icons/fonts/ElegantIcons.eot]
[manon.qodeinteractive.com/wp-content/themes/manon/framework/lib/icons-pack/elegant-icons/fonts/ElegantIcons.woff]
[manon.qodeinteractive.com/wp-content/themes/manon/framework/lib/icons-pack/elegant-icons/fonts/ElegantIconsd41d.eot]
[manon.qodeinteractive.com/wp-content/themes/manon/framework/lib/icons-pack/elegant-icons/fonts/ElegantIcons.ttf]
[manon.qodeinteractive.com/wp-content/themes/manon/framework/lib/icons-pack/elegant-icons/style.minbfbf.css]
[manon.qodeinteractive.com/wp-content/themes/manon/framework/lib/icons-pack/font-awesome/css/fontawesome-all.minbfbf.css]
[manon.qodeinteractive.com/wp-content/themes/manon/framework/lib/icons-pack/ion-icons/css/ionicons.minbfbf.css]
[manon.qodeinteractive.com/wp-content/themes/manon/framework/lib/icons-pack/linea-icons/arrows/fonts/linea-arrows-10.eot]
[manon.qodeinteractive.com/wp-content/themes/manon/framework/lib/icons-pack/elegant-icons/fonts/ElegantIcons.svg]
[manon.qodeinteractive.com/wp-content/themes/manon/framework/lib/icons-pack/linea-icons/arrows/fonts/linea-arrows-10d41d.eot]
[manon.qodeinteractive.com/wp-content/themes/manon/framework/lib/icons-pack/linea-icons/arrows/fonts/linea-arrows-10.woff]
[manon.qodeinteractive.com/wp-content/themes/manon/framework/lib/icons-pack/linea-icons/arrows/fonts/linea-arrows-10.ttf]
[manon.qodeinteractive.com/wp-content/themes/manon/framework/lib/icons-pack/linea-icons/arrows/fonts/linea-arrows-10.svg]
[manon.qodeinteractive.com/wp-content/themes/manon/framework/lib/icons-pack/linea-icons/basic/fonts/linea-basic-10.eot]
[manon.qodeinteractive.com/wp-content/themes/manon/framework/lib/icons-pack/linea-icons/basic/fonts/linea-basic-10d41d.eot]
[manon.qodeinteractive.com/wp-content/themes/manon/framework/lib/icons-pack/linea-icons/basic/fonts/linea-basic-10.woff]
[manon.qodeinteractive.com/wp-content/themes/manon/framework/lib/icons-pack/linea-icons/basic/fonts/linea-basic-10.ttf]
[manon.qodeinteractive.com/wp-content/themes/manon/framework/lib/icons-pack/linea-icons/basic/fonts/linea-basic-10.svg]
[manon.qodeinteractive.com/wp-content/themes/manon/framework/lib/icons-pack/linea-icons/basic-elaboration/fonts/linea-basic-elaboration-10.eot]
[manon.qodeinteractive.com/wp-content/themes/manon/framework/lib/icons-pack/linea-icons/basic-elaboration/fonts/linea-basic-elaboration-10d41d.eot]
[manon.qodeinteractive.com/wp-content/themes/manon/framework/lib/icons-pack/linea-icons/basic-elaboration/fonts/linea-basic-elaboration-10.woff]
[manon.qodeinteractive.com/wp-content/themes/manon/framework/lib/icons-pack/linea-icons/basic-elaboration/fonts/linea-basic-elaboration-10.ttf]
[manon.qodeinteractive.com/wp-content/themes/manon/framework/lib/icons-pack/linea-icons/basic-elaboration/fonts/linea-basic-elaboration-10.svg]
[manon.qodeinteractive.com/wp-content/themes/manon/framework/lib/icons-pack/linea-icons/ecommerce/fonts/linea-ecommerce-10.eot]
[manon.qodeinteractive.com/wp-content/themes/manon/framework/lib/icons-pack/linea-icons/ecommerce/fonts/linea-ecommerce-10d41d.eot]
[manon.qodeinteractive.com/wp-content/themes/manon/framework/lib/icons-pack/linea-icons/ecommerce/fonts/linea-ecommerce-10.woff]
[manon.qodeinteractive.com/wp-content/themes/manon/framework/lib/icons-pack/linea-icons/ecommerce/fonts/linea-ecommerce-10.ttf]
[manon.qodeinteractive.com/wp-content/themes/manon/framework/lib/icons-pack/linea-icons/ecommerce/fonts/linea-ecommerce-10.svg]
[manon.qodeinteractive.com/wp-content/themes/manon/framework/lib/icons-pack/linea-icons/music/fonts/linea-music-10.eot]
[manon.qodeinteractive.com/wp-content/themes/manon/framework/lib/icons-pack/linea-icons/music/fonts/linea-music-10d41d.eot]
[manon.qodeinteractive.com/wp-content/themes/manon/framework/lib/icons-pack/linea-icons/music/fonts/linea-music-10.woff]
[manon.qodeinteractive.com/wp-content/themes/manon/framework/lib/icons-pack/linea-icons/music/fonts/linea-music-10.ttf]
[manon.qodeinteractive.com/wp-content/themes/manon/framework/lib/icons-pack/linea-icons/music/fonts/linea-music-10.svg]
[manon.qodeinteractive.com/wp-content/themes/manon/framework/lib/icons-pack/linea-icons/software/fonts/linea-software-10.eot]
[manon.qodeinteractive.com/wp-content/themes/manon/framework/lib/icons-pack/linea-icons/software/fonts/linea-software-10d41d.eot]
[manon.qodeinteractive.com/wp-content/themes/manon/framework/lib/icons-pack/linea-icons/software/fonts/linea-software-10.woff]
[manon.qodeinteractive.com/wp-content/themes/manon/framework/lib/icons-pack/linea-icons/software/fonts/linea-software-10.ttf]
[manon.qodeinteractive.com/wp-content/themes/manon/framework/lib/icons-pack/linea-icons/software/fonts/linea-software-10.svg]
[manon.qodeinteractive.com/wp-content/themes/manon/framework/lib/icons-pack/linea-icons/weather/fonts/linea-weather-10.eot]
[manon.qodeinteractive.com/wp-content/themes/manon/framework/lib/icons-pack/linea-icons/weather/fonts/linea-weather-10d41d.eot]
[manon.qodeinteractive.com/wp-content/themes/manon/framework/lib/icons-pack/linea-icons/weather/fonts/linea-weather-10.woff]
[manon.qodeinteractive.com/wp-content/themes/manon/framework/lib/icons-pack/linea-icons/weather/fonts/linea-weather-10.ttf]
[manon.qodeinteractive.com/wp-content/themes/manon/framework/lib/icons-pack/linea-icons/stylebfbf.css]
[manon.qodeinteractive.com/wp-content/themes/manon/framework/lib/icons-pack/linea-icons/weather/fonts/linea-weather-10.svg]
[manon.qodeinteractive.com/wp-content/themes/manon/framework/lib/icons-pack/linear-icons/fonts/Linearicons-Free54e9.eot]
[manon.qodeinteractive.com/wp-content/themes/manon/framework/lib/icons-pack/linear-icons/fonts/Linearicons-Freed41d.eot]
[manon.qodeinteractive.com/wp-content/themes/manon/framework/lib/icons-pack/linear-icons/fonts/Linearicons-Free54e9.woff2]
[manon.qodeinteractive.com/wp-content/themes/manon/framework/lib/icons-pack/linear-icons/fonts/Linearicons-Free54e9.woff]
[manon.qodeinteractive.com/wp-content/themes/manon/framework/lib/icons-pack/linear-icons/fonts/Linearicons-Free54e9.ttf]
[manon.qodeinteractive.com/wp-content/themes/manon/framework/lib/icons-pack/linear-icons/stylebfbf.css]
[manon.qodeinteractive.com/wp-content/themes/manon/framework/lib/icons-pack/linear-icons/fonts/Linearicons-Free54e9.svg]
[manon.qodeinteractive.com/wp-content/themes/manon/framework/lib/icons-pack/simple-line-icons/fonts/Simple-Line-Iconsb26c.eot]
[manon.qodeinteractive.com/wp-content/themes/manon/framework/lib/icons-pack/simple-line-icons/fonts/Simple-Line-Iconsb26c.ttf]
[manon.qodeinteractive.com/wp-content/themes/manon/framework/lib/icons-pack/simple-line-icons/fonts/Simple-Line-Iconsb26c.woff2]
[manon.qodeinteractive.com/wp-content/themes/manon/framework/lib/icons-pack/simple-line-icons/fonts/Simple-Line-Iconsb26c.woff]
[manon.qodeinteractive.com/wp-content/themes/manon/framework/lib/icons-pack/simple-line-icons/simple-line-iconsbfbf.css]
[manon.qodeinteractive.com/wp-content/themes/manon/framework/lib/icons-pack/simple-line-icons/fonts/Simple-Line-Iconsb26c.svg]
[manon.qodeinteractive.com/wp-includes/js/mediaelement/mediaelementplayer-legacy.min08e1.css]
[manon.qodeinteractive.com/wp-includes/js/mediaelement/wp-mediaelement.minbfbf.css]
[manon.qodeinteractive.com/wp-includes/js/mediaelement/mejs-controls.svg]
[manon.qodeinteractive.com/wp-content/themes/manon/assets/img/cursor-shop.png]
[manon.qodeinteractive.com/wp-content/themes/manon/assets/img/cursor-cart.png]
[manon.qodeinteractive.com/wp-content/themes/manon/assets/css/woocommerce.minbfbf.css]
[manon.qodeinteractive.com/wp-content/themes/manon/assets/css/woocommerce-responsive.minbfbf.css]
[manon.qodeinteractive.com/wp-content/themes/manon/assets/css/style_dynamice1c2.css]
[manon.qodeinteractive.com/wp-content/themes/manon/assets/css/modules-responsive.minbfbf.css]
[manon.qodeinteractive.com/wp-content/themes/manon/assets/css/style_dynamic_responsivee1c2.css]
[manon.qodeinteractive.com/wp-content/plugins/manon-core/core-dashboard/assets/css/core-dashboard.minbfbf.css]
[manon.qodeinteractive.com/wp-content/plugins/js_composer/assets/vc/alert.png]
[manon.qodeinteractive.com/wp-content/plugins/js_composer/assets/vc/info.png]
[manon.qodeinteractive.com/wp-content/plugins/js_composer/assets/vc/tick.png]
[manon.qodeinteractive.com/wp-content/plugins/js_composer/assets/vc/exclamation.png]
[manon.qodeinteractive.com/wp-content/plugins/js_composer/assets/images/icons/address-book.png]
[manon.qodeinteractive.com/wp-content/plugins/js_composer/assets/images/icons/alarm-clock.png]
[manon.qodeinteractive.com/wp-content/plugins/js_composer/assets/images/icons/anchor.png]
[manon.qodeinteractive.com/wp-content/plugins/js_composer/assets/images/icons/application-image.png]
[manon.qodeinteractive.com/wp-content/plugins/js_composer/assets/images/icons/arrow.png]
[manon.qodeinteractive.com/wp-content/plugins/js_composer/assets/images/icons/asterisk.png]
[manon.qodeinteractive.com/wp-content/plugins/js_composer/assets/images/icons/auction-hammer.png]
[manon.qodeinteractive.com/wp-content/plugins/js_composer/assets/images/icons/balloon.png]
[manon.qodeinteractive.com/wp-content/plugins/js_composer/assets/images/icons/balloon-buzz.png]
[manon.qodeinteractive.com/wp-content/plugins/js_composer/assets/images/icons/balloon-facebook.png]
[manon.qodeinteractive.com/wp-content/plugins/js_composer/assets/images/icons/balloon-twitter.png]
[manon.qodeinteractive.com/wp-content/plugins/js_composer/assets/images/icons/battery-full.png]
[manon.qodeinteractive.com/wp-content/plugins/js_composer/assets/images/icons/binocular.png]
[manon.qodeinteractive.com/wp-content/plugins/js_composer/assets/images/icons/blue-document-excel.png]
[manon.qodeinteractive.com/wp-content/plugins/js_composer/assets/images/icons/blue-document-image.png]
[manon.qodeinteractive.com/wp-content/plugins/js_composer/assets/images/icons/blue-document-music.png]
[manon.qodeinteractive.com/wp-content/plugins/js_composer/assets/images/icons/blue-document-office.png]
[manon.qodeinteractive.com/wp-content/plugins/js_composer/assets/images/icons/blue-document-pdf.png]
[manon.qodeinteractive.com/wp-content/plugins/js_composer/assets/images/icons/blue-document-powerpoint.png]
[manon.qodeinteractive.com/wp-content/plugins/js_composer/assets/images/icons/blue-document-word.png]
[manon.qodeinteractive.com/wp-content/plugins/js_composer/assets/images/icons/bookmark.png]
[manon.qodeinteractive.com/wp-content/plugins/js_composer/assets/images/icons/camcorder.png]
[manon.qodeinteractive.com/wp-content/plugins/js_composer/assets/images/icons/camera.png]
[manon.qodeinteractive.com/wp-content/plugins/js_composer/assets/images/icons/chart.png]
[manon.qodeinteractive.com/wp-content/plugins/js_composer/assets/images/icons/chart-pie.png]
[manon.qodeinteractive.com/wp-content/plugins/js_composer/assets/images/icons/clock.png]
[manon.qodeinteractive.com/wp-content/plugins/js_composer/assets/images/icons/control.png]
[manon.qodeinteractive.com/wp-content/plugins/js_composer/assets/images/icons/fire.png]
[manon.qodeinteractive.com/wp-content/plugins/js_composer/assets/images/icons/heart.png]
[manon.qodeinteractive.com/wp-content/plugins/js_composer/assets/images/icons/mail.png]
[manon.qodeinteractive.com/wp-content/plugins/js_composer/assets/images/icons/plus-shield.png]
[manon.qodeinteractive.com/wp-content/plugins/js_composer/assets/images/icons/video.png]
[manon.qodeinteractive.com/wp-content/plugins/js_composer/assets/images/toggle_open.png]
[manon.qodeinteractive.com/wp-content/plugins/js_composer/assets/images/toggle_close.png]
[manon.qodeinteractive.com/wp-content/plugins/js_composer/assets/images/flickr.png]
[manon.qodeinteractive.com/wp-content/plugins/js_composer/assets/images/spinner.gif]
[manon.qodeinteractive.com/wp-content/plugins/js_composer/assets/vc/remove.png]
[manon.qodeinteractive.com/wp-content/plugins/js_composer/assets/css/js_composer.minf7be.css]
[manon.qodeinteractive.com/wp-content/plugins/qode-zendesk-chat/assets/mainbfbf.css]
[manon.qodeinteractive.com/wp-content/plugins/revslider/public/assets/assets/gridtile.png]
[manon.qodeinteractive.com/wp-content/plugins/revslider/public/assets/assets/gridtile_white.png]
[manon.qodeinteractive.com/wp-content/plugins/revslider/public/assets/assets/gridtile_3x3.png]
[manon.qodeinteractive.com/wp-content/plugins/revslider/public/assets/assets/gridtile_3x3_white.png]
[manon.qodeinteractive.com/wp-content/plugins/revslider/public/assets/assets/coloredbg.png]
[manon.qodeinteractive.com/wp-content/plugins/revslider/public/assets/assets/loader.gif]
[manon.qodeinteractive.com/wp-content/plugins/revslider/public/assets/css/rs60660.css]
[manon.qodeinteractive.com/wp-content/themes/manon/framework/lib/icons-pack/dripicons/fonts/dripicons-v2.svg]
[manon.qodeinteractive.com/wp-content/themes/manon/framework/lib/icons-pack/elegant-icons/fonts/ElegantIcons.svg]
[manon.qodeinteractive.com/wp-content/themes/manon/framework/lib/icons-pack/linea-icons/arrows/fonts/linea-arrows-10.svg]
[manon.qodeinteractive.com/wp-content/themes/manon/framework/lib/icons-pack/linea-icons/basic/fonts/linea-basic-10.svg]
[manon.qodeinteractive.com/wp-content/themes/manon/framework/lib/icons-pack/linea-icons/basic-elaboration/fonts/linea-basic-elaboration-10.svg]
[manon.qodeinteractive.com/wp-content/themes/manon/framework/lib/icons-pack/linea-icons/ecommerce/fonts/linea-ecommerce-10.svg]
[manon.qodeinteractive.com/wp-content/themes/manon/framework/lib/icons-pack/linea-icons/music/fonts/linea-music-10.svg]
[manon.qodeinteractive.com/wp-content/themes/manon/framework/lib/icons-pack/linea-icons/software/fonts/linea-software-10.svg]
[manon.qodeinteractive.com/wp-content/themes/manon/framework/lib/icons-pack/linea-icons/weather/fonts/linea-weather-10.svg]
[manon.qodeinteractive.com/wp-content/themes/manon/framework/lib/icons-pack/linear-icons/fonts/Linearicons-Free54e9.svg]
[manon.qodeinteractive.com/wp-content/themes/manon/framework/lib/icons-pack/simple-line-icons/fonts/Simple-Line-Iconsb26c.svg]
[manon.qodeinteractive.com/wp-includes/js/mediaelement/mejs-controls.svg]
[manon.qodeinteractive.com/wp-content/themes/manon/assets/img/cursor-cart.html]
[manon.qodeinteractive.com/wp-content/plugins/revslider/public/assets/css/openhand.html]
[manon.qodeinteractive.com/wp-content/plugins/revslider/public/assets/css/closedhand.html]
[export.qodethemes.com/_toolbar/assets/js/rbt-modulesbfbf.js]
